keycode   1 = Escape
keycode   2 = 1
keycode   3 = 2
keycode   4 = 3
keycode   5 = 4
keycode   6 = 5
keycode   7 = 6
keycode   8 = 7
keycode   9 = 8
keycode  10 = 9
keycode  11 = 0
keycode  12 = '
keycode  13 = ì
keycode  14 = Delete
keycode  15 = Tab
keycode  16 = q
keycode  17 = w
keycode  18 = e
keycode  19 = r
keycode  20 = t
keycode  21 = y
keycode  22 = u
keycode  23 = i
keycode  24 = o
keycode  25 = p
keycode  26 = è
keycode  27 = +
keycode  28 = Return
keycode  29 = Control
keycode  30 = a
keycode  31 = s
keycode  32 = d
keycode  33 = f
keycode  34 = g
keycode  35 = h
keycode  36 = j
keycode  37 = k
keycode  38 = l
keycode  39 = ò
keycode  40 = à
keycode  41 = \
keycode  42 = Shift
keycode  43 = ù
keycode  44 = z
keycode  45 = x
keycode  46 = c
keycode  47 = v
keycode  48 = b
keycode  49 = n
keycode  50 = m
keycode  51 = ,
keycode  52 = .
keycode  53 = -
keycode  54 = Shift
keycode  56 = Alt
keycode  57 =  
keycode  58 = Caps_Lock
keycode  86 = <
keycode  96 = KP_Enter
keycode  97 = Control
